// Jest Snapshot v1, https://goo.gl/fbAQLP

exports[`RssServiceStack Snapshot Snapshot Test 1`] = `
{
  "Parameters": {
    "BootstrapVersion": {
      "Default": "/cdk-bootstrap/hnb659fds/version",
      "Description": "Version of the CDK Bootstrap resources in this environment, automatically retrieved from SSM Parameter Store. [cdk:skip]",
      "Type": "AWS::SSM::Parameter::Value<String>",
    },
  },
  "Resources": {
    "ArticlesTableA36865D8": {
      "DeletionPolicy": "Retain",
      "Properties": {
        "AttributeDefinitions": [
          {
            "AttributeName": "canonical_url",
            "AttributeType": "S",
          },
        ],
        "BillingMode": "PAY_PER_REQUEST",
        "KeySchema": [
          {
            "AttributeName": "canonical_url",
            "KeyType": "HASH",
          },
        ],
        "TableName": "articles",
      },
      "Type": "AWS::DynamoDB::Table",
      "UpdateReplacePolicy": "Retain",
    },
    "LambdaExecutionRoleD5C26073": {
      "Properties": {
        "AssumeRolePolicyDocument": {
          "Statement": [
            {
              "Action": "sts:AssumeRole",
              "Effect": "Allow",
              "Principal": {
                "Service": "lambda.amazonaws.com",
              },
            },
          ],
          "Version": "2012-10-17",
        },
        "ManagedPolicyArns": [
          {
            "Fn::Join": [
              "",
              [
                "arn:",
                {
                  "Ref": "AWS::Partition",
                },
                ":iam::aws:policy/service-role/AWSLambdaBasicExecutionRole",
              ],
            ],
          },
        ],
      },
      "Type": "AWS::IAM::Role",
    },
    "LambdaExecutionRoleDefaultPolicy6D69732F": {
      "Properties": {
        "PolicyDocument": {
          "Statement": [
            {
              "Action": [
                "dynamodb:BatchGetItem",
                "dynamodb:GetRecords",
                "dynamodb:GetShardIterator",
                "dynamodb:Query",
                "dynamodb:GetItem",
                "dynamodb:Scan",
                "dynamodb:ConditionCheckItem",
                "dynamodb:BatchWriteItem",
                "dynamodb:PutItem",
                "dynamodb:UpdateItem",
                "dynamodb:DeleteItem",
                "dynamodb:DescribeTable",
              ],
              "Effect": "Allow",
              "Resource": [
                {
                  "Fn::GetAtt": [
                    "ArticlesTableA36865D8",
                    "Arn",
                  ],
                },
                {
                  "Ref": "AWS::NoValue",
                },
              ],
            },
          ],
          "Version": "2012-10-17",
        },
        "PolicyName": "LambdaExecutionRoleDefaultPolicy6D69732F",
        "Roles": [
          {
            "Ref": "LambdaExecutionRoleD5C26073",
          },
        ],
      },
      "Type": "AWS::IAM::Policy",
    },
    "RssFetcher9A2751E8": {
      "DependsOn": [
        "LambdaExecutionRoleDefaultPolicy6D69732F",
        "LambdaExecutionRoleD5C26073",
      ],
      "Properties": {
        "Architectures": [
          "arm64",
        ],
        "Code": {
          "ImageUri": {
            "Fn::Join": [
              "",
              [
                {
                  "Fn::Select": [
                    4,
                    {
                      "Fn::Split": [
                        ":",
                        {
                          "Fn::GetAtt": [
                            "RssFetcherRepo69C75C42",
                            "Arn",
                          ],
                        },
                      ],
                    },
                  ],
                },
                ".dkr.ecr.",
                {
                  "Fn::Select": [
                    3,
                    {
                      "Fn::Split": [
                        ":",
                        {
                          "Fn::GetAtt": [
                            "RssFetcherRepo69C75C42",
                            "Arn",
                          ],
                        },
                      ],
                    },
                  ],
                },
                ".",
                {
                  "Ref": "AWS::URLSuffix",
                },
                "/",
                {
                  "Ref": "RssFetcherRepo69C75C42",
                },
                ":latest",
              ],
            ],
          },
        },
        "Environment": {
          "Variables": {
            "ARTICLES_TABLE_NAME": {
              "Ref": "ArticlesTableA36865D8",
            },
          },
        },
        "FunctionName": "rss_fetcher",
        "ImageConfig": {
          "Command": [
            "main",
          ],
        },
        "MemorySize": 512,
        "PackageType": "Image",
        "Role": {
          "Fn::GetAtt": [
            "LambdaExecutionRoleD5C26073",
            "Arn",
          ],
        },
        "Timeout": 30,
      },
      "Type": "AWS::Lambda::Function",
    },
    "RssFetcherFunctionUrl5D18DA2D": {
      "Properties": {
        "AuthType": "NONE",
        "TargetFunctionArn": {
          "Fn::GetAtt": [
            "RssFetcher9A2751E8",
            "Arn",
          ],
        },
      },
      "Type": "AWS::Lambda::Url",
    },
    "RssFetcherRepo69C75C42": {
      "DeletionPolicy": "Delete",
      "Properties": {
        "ImageScanningConfiguration": {
          "ScanOnPush": true,
        },
        "RepositoryName": "rss-commentator",
        "RepositoryPolicyText": {
          "Statement": [
            {
              "Action": [
                "ecr:BatchCheckLayerAvailability",
                "ecr:GetDownloadUrlForLayer",
                "ecr:BatchGetImage",
              ],
              "Effect": "Allow",
              "Principal": {
                "Service": "lambda.amazonaws.com",
              },
            },
          ],
          "Version": "2012-10-17",
        },
      },
      "Type": "AWS::ECR::Repository",
      "UpdateReplacePolicy": "Delete",
    },
    "RssFetcherinvokefunctionurlA8B3C64C": {
      "Properties": {
        "Action": "lambda:InvokeFunctionUrl",
        "FunctionName": {
          "Fn::GetAtt": [
            "RssFetcher9A2751E8",
            "Arn",
          ],
        },
        "FunctionUrlAuthType": "NONE",
        "Principal": "*",
      },
      "Type": "AWS::Lambda::Permission",
    },
  },
  "Rules": {
    "CheckBootstrapVersion": {
      "Assertions": [
        {
          "Assert": {
            "Fn::Not": [
              {
                "Fn::Contains": [
                  [
                    "1",
                    "2",
                    "3",
                    "4",
                    "5",
                  ],
                  {
                    "Ref": "BootstrapVersion",
                  },
                ],
              },
            ],
          },
          "AssertDescription": "CDK bootstrap stack version 6 required. Please run 'cdk bootstrap' with a recent version of the CDK CLI.",
        },
      ],
    },
  },
}
`;
