// Jest Snapshot v1, https://goo.gl/fbAQLP

exports[`RssServiceStack Snapshot Test 1`] = `
{
  "Parameters": {
    "BootstrapVersion": {
      "Default": "/cdk-bootstrap/hnb659fds/version",
      "Description": "Version of the CDK Bootstrap resources in this environment, automatically retrieved from SSM Parameter Store. [cdk:skip]",
      "Type": "AWS::SSM::Parameter::Value<String>",
    },
  },
  "Resources": {
    "ArticlesTableA36865D8": {
      "DeletionPolicy": "Retain",
      "Properties": {
        "AttributeDefinitions": [
          {
            "AttributeName": "canonical_url",
            "AttributeType": "S",
          },
        ],
        "BillingMode": "PAY_PER_REQUEST",
        "KeySchema": [
          {
            "AttributeName": "canonical_url",
            "KeyType": "HASH",
          },
        ],
        "TableName": "articles",
      },
      "Type": "AWS::DynamoDB::Table",
      "UpdateReplacePolicy": "Retain",
    },
    "LambdaExecutionRoleD5C26073": {
      "Properties": {
        "AssumeRolePolicyDocument": {
          "Statement": [
            {
              "Action": "sts:AssumeRole",
              "Effect": "Allow",
              "Principal": {
                "Service": "lambda.amazonaws.com",
              },
            },
          ],
          "Version": "2012-10-17",
        },
        "ManagedPolicyArns": [
          {
            "Fn::Join": [
              "",
              [
                "arn:",
                {
                  "Ref": "AWS::Partition",
                },
                ":iam::aws:policy/service-role/AWSLambdaBasicExecutionRole",
              ],
            ],
          },
        ],
      },
      "Type": "AWS::IAM::Role",
    },
    "LambdaExecutionRoleDefaultPolicy6D69732F": {
      "Properties": {
        "PolicyDocument": {
          "Statement": [
            {
              "Action": [
                "dynamodb:BatchGetItem",
                "dynamodb:GetRecords",
                "dynamodb:GetShardIterator",
                "dynamodb:Query",
                "dynamodb:GetItem",
                "dynamodb:Scan",
                "dynamodb:ConditionCheckItem",
                "dynamodb:BatchWriteItem",
                "dynamodb:PutItem",
                "dynamodb:UpdateItem",
                "dynamodb:DeleteItem",
                "dynamodb:DescribeTable",
              ],
              "Effect": "Allow",
              "Resource": [
                {
                  "Fn::GetAtt": [
                    "ArticlesTableA36865D8",
                    "Arn",
                  ],
                },
                {
                  "Ref": "AWS::NoValue",
                },
              ],
            },
          ],
          "Version": "2012-10-17",
        },
        "PolicyName": "LambdaExecutionRoleDefaultPolicy6D69732F",
        "Roles": [
          {
            "Ref": "LambdaExecutionRoleD5C26073",
          },
        ],
      },
      "Type": "AWS::IAM::Policy",
    },
    "articlefetcher0EA9839C": {
      "DependsOn": [
        "LambdaExecutionRoleDefaultPolicy6D69732F",
        "LambdaExecutionRoleD5C26073",
      ],
      "Properties": {
        "Code": {
          "ZipFile": "exports.handler = async () => {};",
        },
        "Environment": {
          "Variables": {
            "ARTICLES_TABLE_NAME": {
              "Ref": "ArticlesTableA36865D8",
            },
          },
        },
        "FunctionName": "article_fetcher",
        "Handler": "index.handler",
        "Role": {
          "Fn::GetAtt": [
            "LambdaExecutionRoleD5C26073",
            "Arn",
          ],
        },
        "Runtime": "nodejs22.x",
      },
      "Type": "AWS::Lambda::Function",
    },
    "articlefetcherFunctionUrl976B3283": {
      "Properties": {
        "AuthType": "NONE",
        "TargetFunctionArn": {
          "Fn::GetAtt": [
            "articlefetcher0EA9839C",
            "Arn",
          ],
        },
      },
      "Type": "AWS::Lambda::Url",
    },
    "articlefetcherinvokefunctionurl806A020F": {
      "Properties": {
        "Action": "lambda:InvokeFunctionUrl",
        "FunctionName": {
          "Fn::GetAtt": [
            "articlefetcher0EA9839C",
            "Arn",
          ],
        },
        "FunctionUrlAuthType": "NONE",
        "Principal": "*",
      },
      "Type": "AWS::Lambda::Permission",
    },
    "notifier7B9417FE": {
      "DependsOn": [
        "LambdaExecutionRoleDefaultPolicy6D69732F",
        "LambdaExecutionRoleD5C26073",
      ],
      "Properties": {
        "Code": {
          "ZipFile": "exports.handler = async () => {};",
        },
        "Environment": {
          "Variables": {
            "ARTICLES_TABLE_NAME": {
              "Ref": "ArticlesTableA36865D8",
            },
          },
        },
        "FunctionName": "notifier",
        "Handler": "index.handler",
        "Role": {
          "Fn::GetAtt": [
            "LambdaExecutionRoleD5C26073",
            "Arn",
          ],
        },
        "Runtime": "nodejs22.x",
      },
      "Type": "AWS::Lambda::Function",
    },
    "notifierFunctionUrl07D134F2": {
      "Properties": {
        "AuthType": "NONE",
        "TargetFunctionArn": {
          "Fn::GetAtt": [
            "notifier7B9417FE",
            "Arn",
          ],
        },
      },
      "Type": "AWS::Lambda::Url",
    },
    "notifierinvokefunctionurlFAC2E78A": {
      "Properties": {
        "Action": "lambda:InvokeFunctionUrl",
        "FunctionName": {
          "Fn::GetAtt": [
            "notifier7B9417FE",
            "Arn",
          ],
        },
        "FunctionUrlAuthType": "NONE",
        "Principal": "*",
      },
      "Type": "AWS::Lambda::Permission",
    },
    "rssfetcher6B86F654": {
      "DependsOn": [
        "LambdaExecutionRoleDefaultPolicy6D69732F",
        "LambdaExecutionRoleD5C26073",
      ],
      "Properties": {
        "Code": {
          "ZipFile": "exports.handler = async () => {};",
        },
        "Environment": {
          "Variables": {
            "ARTICLES_TABLE_NAME": {
              "Ref": "ArticlesTableA36865D8",
            },
          },
        },
        "FunctionName": "rss_fetcher",
        "Handler": "index.handler",
        "Role": {
          "Fn::GetAtt": [
            "LambdaExecutionRoleD5C26073",
            "Arn",
          ],
        },
        "Runtime": "nodejs22.x",
      },
      "Type": "AWS::Lambda::Function",
    },
    "rssfetcherFunctionUrl7355E746": {
      "Properties": {
        "AuthType": "NONE",
        "TargetFunctionArn": {
          "Fn::GetAtt": [
            "rssfetcher6B86F654",
            "Arn",
          ],
        },
      },
      "Type": "AWS::Lambda::Url",
    },
    "rssfetcherinvokefunctionurl55EE7715": {
      "Properties": {
        "Action": "lambda:InvokeFunctionUrl",
        "FunctionName": {
          "Fn::GetAtt": [
            "rssfetcher6B86F654",
            "Arn",
          ],
        },
        "FunctionUrlAuthType": "NONE",
        "Principal": "*",
      },
      "Type": "AWS::Lambda::Permission",
    },
    "summarizerEE94F295": {
      "DependsOn": [
        "LambdaExecutionRoleDefaultPolicy6D69732F",
        "LambdaExecutionRoleD5C26073",
      ],
      "Properties": {
        "Code": {
          "ZipFile": "exports.handler = async () => {};",
        },
        "Environment": {
          "Variables": {
            "ARTICLES_TABLE_NAME": {
              "Ref": "ArticlesTableA36865D8",
            },
          },
        },
        "FunctionName": "summarizer",
        "Handler": "index.handler",
        "Role": {
          "Fn::GetAtt": [
            "LambdaExecutionRoleD5C26073",
            "Arn",
          ],
        },
        "Runtime": "nodejs22.x",
      },
      "Type": "AWS::Lambda::Function",
    },
    "summarizerFunctionUrlE7168B5C": {
      "Properties": {
        "AuthType": "NONE",
        "TargetFunctionArn": {
          "Fn::GetAtt": [
            "summarizerEE94F295",
            "Arn",
          ],
        },
      },
      "Type": "AWS::Lambda::Url",
    },
    "summarizerinvokefunctionurl4895E140": {
      "Properties": {
        "Action": "lambda:InvokeFunctionUrl",
        "FunctionName": {
          "Fn::GetAtt": [
            "summarizerEE94F295",
            "Arn",
          ],
        },
        "FunctionUrlAuthType": "NONE",
        "Principal": "*",
      },
      "Type": "AWS::Lambda::Permission",
    },
    "userapi2BD12B18": {
      "DependsOn": [
        "LambdaExecutionRoleDefaultPolicy6D69732F",
        "LambdaExecutionRoleD5C26073",
      ],
      "Properties": {
        "Code": {
          "ZipFile": "exports.handler = async () => {};",
        },
        "Environment": {
          "Variables": {
            "ARTICLES_TABLE_NAME": {
              "Ref": "ArticlesTableA36865D8",
            },
          },
        },
        "FunctionName": "user_api",
        "Handler": "index.handler",
        "Role": {
          "Fn::GetAtt": [
            "LambdaExecutionRoleD5C26073",
            "Arn",
          ],
        },
        "Runtime": "nodejs22.x",
      },
      "Type": "AWS::Lambda::Function",
    },
    "userapiFunctionUrl90291A67": {
      "Properties": {
        "AuthType": "NONE",
        "TargetFunctionArn": {
          "Fn::GetAtt": [
            "userapi2BD12B18",
            "Arn",
          ],
        },
      },
      "Type": "AWS::Lambda::Url",
    },
    "userapiinvokefunctionurl58215722": {
      "Properties": {
        "Action": "lambda:InvokeFunctionUrl",
        "FunctionName": {
          "Fn::GetAtt": [
            "userapi2BD12B18",
            "Arn",
          ],
        },
        "FunctionUrlAuthType": "NONE",
        "Principal": "*",
      },
      "Type": "AWS::Lambda::Permission",
    },
  },
  "Rules": {
    "CheckBootstrapVersion": {
      "Assertions": [
        {
          "Assert": {
            "Fn::Not": [
              {
                "Fn::Contains": [
                  [
                    "1",
                    "2",
                    "3",
                    "4",
                    "5",
                  ],
                  {
                    "Ref": "BootstrapVersion",
                  },
                ],
              },
            ],
          },
          "AssertDescription": "CDK bootstrap stack version 6 required. Please run 'cdk bootstrap' with a recent version of the CDK CLI.",
        },
      ],
    },
  },
}
`;
